$ git pull
remote: Enumerating objects: 27, done.
remote: Counting objects: 100% (27/27), done.
remote: Compressing objects: 100% (3/3), done.
remote: Total 14 (delta 10), reused 14 (delta 10), pack-reused 0
Unpacking objects: 100% (14/14), done.
From https://github.com/ahsiraj/academic-app
805d901..97f6ba8 master -> origin/master
Updating 805d901..97f6ba8
Fast-forward
app/models/user.rb | 8 +++++++-
app/views/academics/index.html.erb | 2 +-
app/views/layouts/application.html.erb | 18 ++++++++++++++----
config/initializers/active_admin.rb | 10 ++++++++++
config/routes.rb | 7 +++++--
5 files changed, 37 insertions(+), 8 deletions(-)
ask@mxcec:~/lite/academic-app
$ date
Mon 01 Nov 2021 09:09:52 AM IST
ask@mxcec:~/lite/academic-app
$ sudo service postgresql start
[ ok ] Starting PostgreSQL 11 database server: main.
ask@mxcec:~/lite/academic-app
$ rails s
=> Booting Puma
=> Rails 6.1.4.1 application starting in development
=> Run `bin/rails server --help` for more startup options
Exiting
/home/ask/.gem/ruby/3.0.0/gems/activesupport-6.1.4.1/lib/active_support/callbacks.rb:707:in `block (2 levels) in skip_callback': Before process_action callback :authenticate_user! has not been defined (ArgumentError) from /home/ask/.gem/ruby/3.0.0/gems/activesupport-6.1.4.1/lib/active_support/callbacks.rb:703:in `each'
..
om <internal:kernel>:90:in `tap' from /home/ask/lite/academic-app/bin/spring:7:in `<top (required)>'
from bin/rails:2:in `load' from bin/rails:2:in `<main>'

activeadmin.rb -- last line (shown below) commented out -
#ask 31/10
#config.skip_before_action :authenticate_user
ask@mxcec:~/lite/academic-app
$ rails s
=> Booting Puma
=> Rails 6.1.4.1 application starting in development
=> Run `bin/rails server --help` for more startup options
Puma starting in single mode...

- Puma version: 5.5.2 (ruby 3.0.2-p107) ("Zawgyi")
- Min threads: 5
- Max threads: 5
- Environment: development
-          PID: 7561
- Listening on http://127.0.0.1:3000
- Listening on http://[::1]:3000
  Use Ctrl-C to stop

---
seeds.rb
# User.create!(email: 'admin@example.com', password: 'password', password_confirmation: 'password') if Rails.env.development?

#ask 1/11 cec cab(commented above line)
User.create!(email: 'ask@ceconline.edu', password: 'passask', password_confirmation: 'passask') if Rails.env.development?
$ rails db:seed
---------
routes.rb

Rails.application.routes.draw do
  devise_for :users, ActiveAdmin::Devise.config
  --->
Rails.application.routes.draw do
  resources :users
  devise_for :users, ActiveAdmin::Devise.config

(To access users -- currently accessible only via admin)
-------------------


Routing information
when routes.rb
devise_for :users, ActiveAdmin::Devise.config
...
new_user_session_path 	GET 	/admin/login(.:format) active_admin/devise/sessions#new
user_session_path 	POST 	/admin/login(.:format) active_admin/devise/sessions#create
destroy_user_session_path 	DELETE 	/admin/logout(.:format) active_admin/devise/sessions#destroy
new_user_password_path 	GET 	/admin/password/new(.:format) active_admin/devise/passwords#new
edit_user_password_path 	GET 	/admin/password/edit(.:format) active_admin/devise/passwords#edit
user_password_path 	PATCH 	/admin/password(.:format) active_admin/devise/passwords#update
	                  PUT 	/admin/password(.:format) active_admin/devise/passwords#update
	                  POST 	/admin/password(.:format) active_admin/devise/passwords#create
admin_root_path 	GET 	/admin(.:format) admin/dashboard#index
admin_dashboard_path 	GET 	/admin/dashboard(.:format) admin/dashboard#index
batch_action_admin_subjects_path 	POST 	/admin/subjects/batch_action(.:format) admin/subjects#batch_action
------
when routes.rb
devise_for :users
new_user_session_path 	GET 	/users/sign_in(.:format) 	devise/sessions#new
user_session_path 	POST 	/users/sign_in(.:format) 	devise/sessions#create
destroy_user_session_path 	DELETE 	/users/sign_out(.:format) 	devise/sessions#destroy
new_user_password_path 	GET 	/users/password/new(.:format) devise/passwords#new
edit_user_password_path 	GET 	/users/password/edit(.:format) 	devise/passwords#edit
user_password_path 	PATCH 	/users/password(.:format) 	devise/passwords#update
	                  PUT 	/users/password(.:format) 	devise/passwords#update
	                  POST 	/users/password(.:format) 	devise/passwords#create
admin_root_path 	GET 	/admin(.:format) 	admin/dashboard#index
admin_dashboard_path 	GET 	/admin/dashboard(.:format) 	admin/dashboard#index
batch_action_admin_subjects_path 	POST 	/admin/subjects/batch_action(.:format) 	admin/subjects#batch_action
---------
with this routing /users/log_in is responeded with login screen if not already logged in


with

devise_for :users
  devise_scope :user do
    get '/users/sign_out' => 'devise/sessions#destroy'
  end
in routes.rb
users/sign_out also works!! progressing

3/11/21 Observed the following as working
http://127.0.0.1:3000/, http://127.0.0.1:3000/academics, http://127.0.0.1:3000/academics/index, http://127.0.0.1:3000/users/sign_in, http://127.0.0.1:3000/users/sign_out

and http://127.0.0.1:3000/admin also loading http://127.0.0.1:3000/users/sign_in with contents slightly different


All sign_ins are going for admin.
User creations from admin panel which worked earlier is not working now.
Subject creation worked.

No effect on changing app/admin/users.rb ????

8/11/21
[ask@yoga academic-app]$ rails g active_admin:resource Attendance
Running via Spring preloader in process 13824
      create  app/admin/attendances.rb
Edited it

$ rails g active_admin:resource FacultySubject
$ rails g active_admin:resource StudentSubject

http://127.0.0.1:3000/users/sign_up
is working!! Seems not intended.
