user role using enum 17/10/21
https://stackoverflow.com/questions/24479839/multiple-types-of-users-on-ruby-on-rails/24480937

19/10
https://activeadmin.info/documentation.html
Gemfile edited to include gem "activeadmin"
$ bundle update # may be bundle install better
$ rails g active_admin:install
------>devise error
$ bundle add devise
$ rails g active_admin:install User
Running via Spring preloader in process 90441
      invoke  devise
    generate    devise:install
      create    config/initializers/devise.rb
      create    config/locales/devise.en.yml
  ===============================================================================

Depending on your application's configuration some manual setup may be required:

  1. Ensure you have defined default url options in your environments files. Here
     is an example of default_url_options appropriate for a development environment
     in config/environments/development.rb:

       config.action_mailer.default_url_options = { host: 'localhost', port: 3000 }

     In production, :host should be set to the actual host of your application.

     * Required for all applications. *

  2. Ensure you have defined root_url to *something* in your config/routes.rb.
     For example:

       root to: "home#index"

     * Not required for API-only Applications *

  3. Ensure you have flash messages in app/views/layouts/application.html.erb.
     For example:

       <p class="notice"><%= notice %></p>
       <p class="alert"><%= alert %></p>

     * Not required for API-only Applications *

  4. You can copy Devise views (for customization) to your app by running:

       rails g devise:views

     * Not required *

===============================================================================
      invoke    active_record
      create      db/migrate/20211019073105_add_devise_to_users.rb
      insert      app/models/user.rb
       route    devise_for :users
        gsub    app/models/user.rb
        gsub    config/routes.rb
      append    db/seeds.rb
      create  config/initializers/active_admin.rb
      create  app/admin
      create  app/admin/dashboard.rb
      create  app/admin/users.rb
      insert  config/routes.rb
    generate  active_admin:assets
       rails  generate active_admin:assets
Running via Spring preloader in process 90463
      create  app/assets/javascripts/active_admin.js
      create  app/assets/stylesheets/active_admin.scss
      create  db/migrate/20211019073111_create_active_admin_comments.rb
[ask@yoga academic-app]$


-0-0-0-0-0
restarted rails s
migrations pending error for web links
[ask@yoga academic-app]$ git status
On branch master
Your branch is up to date with 'origin/master'.

Changes not staged for commit:
  (use "git add <file>..." to update what will be committed)
  (use "git restore <file>..." to discard changes in working directory)
	modified:   Gemfile
	modified:   Gemfile.lock
	modified:   app/models/mylog.txt
	modified:   app/models/user.rb
	modified:   config/routes.rb
	modified:   db/seeds.rb

Untracked files:
  (use "git add <file>..." to include in what will be committed)
	app/admin/
	app/assets/javascripts/
	app/assets/stylesheets/active_admin.scss
	config/initializers/active_admin.rb
	config/initializers/devise.rb
	config/locales/devise.en.yml
	db/migrate/20211019073105_add_devise_to_users.rb
	db/migrate/20211019073111_create_active_admin_comments.rb

no changes added to commit (use "git add" and/or "git commit -a")
[ask@yoga academic-app]$

[ask@yoga academic-app]$ rails db:migrate
error as email already exists.
So new migration file edited to remove email line
[ask@yoga academic-app]$ rails db:migrate #ok Now
web links working Now
http://localhost:3000/admin/login page working
created new user from console
User.create :email => 'abc1@example.com', :password => 'password', :password_confirmation => 'password'

Logged in from dasboard. Edited it to change un and pw.
Now, user db which was modified has two types of paswords.
Going to delete password_digest
$rails g migration RemovePasswordDigestFromUsers password_digest:string
$ rails db:migrate
> reload!




[ask@yoga academic-app]$ rails g devise:views
Running via Spring preloader in process 16695
      invoke  Devise::Generators::SharedViewsGenerator
      create    app/views/devise/shared
      create    app/views/devise/shared/_error_messages.html.erb
      create    app/views/devise/shared/_links.html.erb
      invoke  form_for
      create    app/views/devise/confirmations
      create    app/views/devise/confirmations/new.html.erb
      create    app/views/devise/passwords
      create    app/views/devise/passwords/edit.html.erb
      create    app/views/devise/passwords/new.html.erb
      create    app/views/devise/registrations
      create    app/views/devise/registrations/edit.html.erb
      create    app/views/devise/registrations/new.html.erb
      create    app/views/devise/sessions
      create    app/views/devise/sessions/new.html.erb
      create    app/views/devise/unlocks
      create    app/views/devise/unlocks/new.html.erb
      invoke  erb
      create    app/views/devise/mailer
      create    app/views/devise/mailer/confirmation_instructions.html.erb
      create    app/views/devise/mailer/email_changed.html.erb
      create    app/views/devise/mailer/password_change.html.erb
      create    app/views/devise/mailer/reset_password_instructions.html.erb
      create    app/views/devise/mailer/unlock_instructions.html.erb
[ask@yoga academic-app]$
20/10
$ rails db:seed
Nothing -- just the admin@example.com pw:assword  user is created.


contents of app/admin/users.rb
-0-0-0-0-0-0-0-0-0-0-0-0-0-0-0
ActiveAdmin.register User do
  permit_params :email, :password, :password_confirmation

  index do
    selectable_column
    id_column
    column :email
    column :current_sign_in_at
    column :sign_in_count
    column :created_at
    actions
  end

  filter :email
  filter :current_sign_in_at
  filter :sign_in_count
  filter :created_at

  form do |f|
    f.inputs do
      f.input :email
      f.input :password
      f.input :password_confirmation
    end
    f.actions
  end

end
-0-0-0-0-0-0-0-0-0-0

abour to be over-0wriiten when
[ask@yoga academic-app]$ rails g active_admin:resource User
Running via Spring preloader in process 21956
    conflict  app/admin/users.rb
Overwrite /home/ask/lite/academic-app/app/admin/users.rb? (enter "h" for help) [Ynaqdhm]


Resultant view is okay(http://localhost:3000/admin/users)

But, authentication error when modifying via web
ActiveModel::ForbiddenAttributesError in Admin::UsersController#update

[ask@yoga academic-app]$ rails g active_admin:resource Subject
Running via Spring preloader in process 35210
      create  app/admin/subjects.rb
[ask@yoga academic-app]$
Edited above file
